has defaults:
  1: |
    podManagementPolicy: Parallel
    replicas: 1
    revisionHistoryLimit: 5
    selector:
      matchLabels:
        app.kubernetes.io/component: master
        app.kubernetes.io/instance: RELEASE-NAME
        app.kubernetes.io/name: elasticsearch
    serviceName: RELEASE-NAME-elasticsearch
    template:
      metadata:
        labels:
          app.kubernetes.io/component: master
          app.kubernetes.io/instance: RELEASE-NAME
          app.kubernetes.io/name: elasticsearch
      spec:
        containers:
        - env:
          - name: ES_NODE_NAME
            value: master-${HOSTNAME}
          - name: ES_NODE_MASTER
            value: "true"
          - name: ES_DISCOVERY_ZEN_PING_UNICAST_HOSTS
            valueFrom:
              configMapKeyRef:
                key: es.discovery.zen.ping.unicast.hosts
                name: RELEASE-NAME-elasticsearch
          - name: ES_DISCOVERY_ZEN_MINIMUM_MASTER_NODES
            valueFrom:
              configMapKeyRef:
                key: es.discovery.zen.minimum.master.nodes
                name: RELEASE-NAME-elasticsearch
          - name: ES_GATEWAY_RECOVER_AFTER_DATA_NODES
            valueFrom:
              configMapKeyRef:
                key: es.gateway.recover_after_data_nodes
                name: RELEASE-NAME-elasticsearch
          - name: ES_GATEWAY_EXPECTED_DATA_NODES
            valueFrom:
              configMapKeyRef:
                key: es.gateway.expected_data_nodes
                name: RELEASE-NAME-elasticsearch
          - name: ES_GATEWAY_RECOVER_AFTER_TIME
            valueFrom:
              configMapKeyRef:
                key: es.gateway.recover_after_time
                name: RELEASE-NAME-elasticsearch
          image: mikelorant/elasticsearch:latest
          imagePullPolicy: Always
          lifecycle:
            preStop:
              exec:
                command:
                - /bin/kill
                - "-15"
                - "1"
          livenessProbe:
            httpGet:
              path: /_cluster/health?local=true
              port: http
            initialDelaySeconds: 300
          name: elasticsearch
          ports:
          - containerPort: 9200
            name: http
            protocol: TCP
          - containerPort: 9300
            name: transport
            protocol: TCP
          readinessProbe:
            httpGet:
              path: /_cluster/health?local=true
              port: http
          resources:
            limits:
              memory: 1Gi
          volumeMounts:
          - mountPath: /usr/share/elasticsearch/data
            name: RELEASE-NAME-elasticsearch-master
            readOnly: false
        serviceAccountName: RELEASE-NAME-elasticsearch
    updateStrategy:
      type: OnDelete
    volumeClaimTemplates:
    - metadata:
        name: RELEASE-NAME-elasticsearch-master
      spec:
        accessModes:
        - ReadWriteOnce
        resources:
          requests:
            storage: 4Gi
